d:\code\kenshinengine\x64\debug\fastgltf.pdb
d:\code\kenshinengine\x64\debug\fastgltf.idb
d:\code\kenshinengine\fastgltf\x64\debug\io.obj
d:\code\kenshinengine\fastgltf\x64\debug\fastgltf.obj
d:\code\kenshinengine\fastgltf\x64\debug\base64.obj
d:\code\kenshinengine\fastgltf\x64\debug\fastgltf.ixx.ifc
d:\code\kenshinengine\fastgltf\x64\debug\fastgltf.ixx.ifc.d.json
d:\code\kenshinengine\fastgltf\x64\debug\fastgltf.ixx.obj
d:\code\kenshinengine\x64\debug\fastgltf.lib
d:\code\kenshinengine\fastgltf\x64\debug\fastgltf.ixx.module.json
d:\code\kenshinengine\fastgltf\x64\debug\fastgltf.tlog\cl.command.1.tlog
d:\code\kenshinengine\fastgltf\x64\debug\fastgltf.tlog\cl.items.tlog
d:\code\kenshinengine\fastgltf\x64\debug\fastgltf.tlog\cl.read.1.tlog
d:\code\kenshinengine\fastgltf\x64\debug\fastgltf.tlog\cl.write.1.tlog
d:\code\kenshinengine\fastgltf\x64\debug\fastgltf.tlog\lib-link.read.1.tlog
d:\code\kenshinengine\fastgltf\x64\debug\fastgltf.tlog\lib-link.write.1.tlog
d:\code\kenshinengine\fastgltf\x64\debug\fastgltf.tlog\lib.command.1.tlog
d:\code\kenshinengine\fastgltf\x64\debug\fastgltf_md.tlog\cl.command.1.tlog
d:\code\kenshinengine\fastgltf\x64\debug\fastgltf_md.tlog\microsoft.build.cpptasks.cl.read.1.tlog
d:\code\kenshinengine\fastgltf\x64\debug\fastgltf_md.tlog\microsoft.build.cpptasks.cl.write.1.tlog
